{
  "kind": "Program",
  "collections": [
    {
      "kind": "Collection",
      "name": {
        "value": "CollectionIconTest",
        "kind": "CollectionName"
      },
      "icon": {
        "kind": "CollectionIcon",
        "icon": "file"
      }
    }
  ]
}
