{
  "kind": "Program",
  "collections": [
    {
      "kind": "Collection",
      "name": {
        "value": "CollectionImmutableTest",
        "kind": "CollectionName"
      },
      "immutable": {
        "kind": "CollectionImmutableBool",
        "immutable": true
      }
    }
  ]
}
