{
  "kind": "Program",
  "collections": [
    {
      "name": {
        "value": "CollectionTimestampsTest",
        "kind": "CollectionName"
      },
      "kind": "Collection",
      "timestamps": {
        "timestamps": true,
        "kind": "CollectionTimestamps"
      }
    }
  ]
}
