{
  "kind": "Program",
  "collections": [
    {
      "properties": [
        {
          "type": {
            "kind": "PBoolean"
          },
          "name": {
            "value": "prop",
            "kind": "PropertyName"
          },
          "kind": "Property"
        }
      ],
      "name": {
        "value": "collectionpropertybooltest",
        "kind": "CollectionName"
      },
      "kind": "Collection"
    }
  ]
}
